
[1m[46m RUN [49m[22m [36mv4.0.14 [39m[90mC:/Users/Raj/Documents/source Code/trinka-ai-prototype[39m

node.exe : 
[90mstderr[2m | src
/components/__tests__
/RecommendationDetail
Popover.test.tsx[2m 
> [22m[2mRecommenda
tionDetailPopover[2m
 > [22m[2mshould 
call onApply when 
Accept button is 
clicked
At line:1 char:1
+ & "C:\Program Files
\nodejs/node.exe" 
"C:\Program 
Files\nodejs/node_mo 
...
+ ~~~~~~~~~~~~~~~~~~~
~~~~~~~~~~~~~~~~~~~~~
~~~~~~~~~~~~~~~~~~~~~
~~~~~~~~
    + CategoryInfo   
           : 
NotSpecified: (    [
90mstderr[2m...tton 
    is 
clicked:String) [    
], RemoteException
    + 
FullyQualifiedError  
  Id : 
NativeCommandErr    
or
 
[22m[39mAn update 
to RecommendationDeta
ilPopover inside a 
test was not wrapped 
in act(...).

When testing, code 
that causes React 
state updates should 
be wrapped into 
act(...):

act(() => {
  /* fire events 
that update state */
});
/* assert on the 
output */

This ensures that 
you're testing the 
behavior the user 
would see in the 
browser. Learn more 
at https://react.dev/
link/wrap-tests-with-
act

 [31mΓ¥»[39m src/components/__tests__/RecommendationDetailPopover.test.tsx [2m([22m[2m3 tests[22m[2m | [22m[31m3 failed[39m[2m)[22m[32m 114[2mms[22m[39m
[31m     [31m├ù[31m should render recommendation details[39m[32m 70[2mms[22m[39m
[31m     [31m├ù[31m should call onApply when Accept button is clicked[39m[32m 28[2mms[22m[39m
[31m     [31m├ù[31m should call onDismiss when Ignore button is clicked[39m[32m 14[2mms[22m[39m

[31mΓÄ»ΓÄ»ΓÄ»ΓÄ»ΓÄ»Γ
Ä»ΓÄ»[39m[1m[41m 
Failed Tests 3 [49m
[22m[31mΓÄ»ΓÄ»ΓÄ»ΓÄ»
ΓÄ»ΓÄ»ΓÄ»[39m

[41m[1m FAIL 
[22m[49m src/compon
ents/__tests__/Recomm
endationDetailPopover
.test.tsx[2m > [22m
RecommendationDetailP
opover[2m > 
[22mshould render 
recommendation 
details
[31m[1mTestingLibra
ryElementError[22m[
39m: Unable to find 
an element with the 
text: Fix Grammar. 
This could be 
because the text is 
broken up by 
multiple elements. 
In this case, you 
can provide a 
function for your 
text matcher to make 
your matcher more 
flexible.

Ignored nodes: 
comments, script, 
style
[36m<body>[39m
  [36m<div>[39m
    [36m<div[39m
      [33maria-label
ledby[39m=[32m"rec-
title"[39m
      [33mclass[39m
=[32m"w-[340px] 
bg-white/95 
backdrop-blur-md 
rounded-xl 
shadow-2xl border 
border-gray-200/60 
ring-1 ring-black/5 
overflow-visible 
font-sans animate-in 
fade-in zoom-in-95 
duration-200"[39m
      [33mrole[39m=
[32m"dialog"[39m
    [36m>[39m
      [36m<div[39m
        [33mclass[3
9m=[32m"flex 
items-center 
justify-between px-4 
py-3 border-b 
border-gray-100/80 
bg-gray-50/50"[39m
      [36m>[39m
        
[36m<div[39m
          [33mclass
[39m=[32m"flex 
items-center 
gap-2"[39m
        [36m>[39m
          
[36m<span[39m
            [33mclas
s[39m=[32m"text-[10
px] font-bold 
uppercase 
tracking-wider px-2 
py-0.5 rounded-full 
text-purple-600 
bg-purple-50"[39m
          [36m>[39m
            
[0mrewrite[0m
          
[36m</span>[39m
          
[36m<span[39m
            [33mclas
s[39m=[32m"text-[10
px] font-medium 
text-amber-600 
bg-amber-50 px-2 
py-0.5 
rounded-full"[39m
          [36m>[39m
            [0mHigh 
Impact[0m
          
[36m</span>[39m
        
[36m</div>[39m
        
[36m<button[39m
          [33mclass
[39m=[32m"text-gray-
400 
hover:text-gray-600 
p-1 rounded-md 
hover:bg-gray-200/50 
transition-colors"[3
9m
        [36m>[39m
          
[36m<svg[39m
            [33maria
-hidden[39m=[32m"tr
ue"[39m
            [33mclas
s[39m=[32m"lucide 
lucide-x"[39m
            [33mfill
[39m=[32m"none"[39
m
            [33mheig
ht[39m=[32m"14"[39
m
            [33mstro
ke[39m=[32m"current
Color"[39m
            [33mstro
ke-linecap[39m=[32m
"round"[39m
            [33mstro
ke-linejoin[39m=[32
m"round"[39m
            [33mstro
ke-width[39m=[32m"2
"[39m
            [33mview
Box[39m=[32m"0 0 
24 24"[39m
            [33mwidt
h[39m=[32m"14"[39m
            [33mxmln
s[39m=[32m"http://w
ww.w3.org/2000/svg"[
39m
          [36m>[39m
            
[36m<path[39m
              [33md
[39m=[32m"M18 6 6 
18"[39m
            
[36m/>[39m
            
[36m<path[39m
              
[33md[39m=[32m"m6 
6 12 12"[39m
            
[36m/>[39m
          
[36m</svg>[39m
        
[36m</button>[39m
      
[36m</div>[39m
      [36m<div[39m
        [33mclass[3
9m=[32m"p-4"[39m
      [36m>[39m
        
[36m<div[39m
          [33mclass
[39m=[32m"mb-3 flex 
items-center gap-2 
text-[13px] 
text-gray-400"[39m
        [36m>[39m
          
[36m<span[39m
            [33mclas
s[39m=[32m"line-thr
ough 
decoration-gray-300 
decoration-1"[39m
          [36m>[39m
            [0mThe 
data is correct.[0m
          
[36m</span>[39m
          
[36m<svg[39m
            [33maria
-hidden[39m=[32m"tr
ue"[39m
            [33mclas
s[39m=[32m"lucide 
lucide-arrow-right 
text-gray-300 
flex-shrink-0"[39m
            [33mfill
[39m=[32m"none"[39
m
            [33mheig
ht[39m=[32m"12"[39
m
            [33mstro
ke[39m=[32m"current
Color"[39m
            [33mstro
ke-linecap[39m=[32m
"round"[39m
            [33mstro
ke-linejoin[39m=[32
m"round"[39m
            [33mstro
ke-width[39m=[32m"2
"[39m
            [33mview
Box[39m=[32m"0 0 
24 24"[39m
            [33mwidt
h[39m=[32m"12"[39m
            [33mxmln
s[39m=[32m"http://w
ww.w3.org/2000/svg"[
39m
          [36m>[39m
            
[36m<path[39m
              
[33md[39m=[32m"M5 
12h14"[39m
            
[36m/>[39m
            
[36m<path[39m
              [33md
[39m=[32m"m12 5 7 
7-7 7"[39m
            
[36m/>[39m
          
[36m</svg>[39m
        
[36m</div>[39m
        
[36m<div[39m
          [33mclass
[39m=[32m"text-[15px
] font-medium 
text-gray-900 
leading-relaxed"[39m
        [36m>[39m
          
[36m<div>[39m
            
[36m<span[39m
              [33mcl
ass[39m=[32m"line-t
hrough text-red-400 
bg-red-50 mx-0.5 
px-0.5 rounded 
decoration-2"[39m
            
[36m>[39m
              
[0mThe [0m
            
[36m</span>[39m
            
[36m<span[39m
              [33mcl
ass[39m=[32m"line-t
hrough text-red-400 
bg-red-50 mx-0.5 
px-0.5 rounded 
decoration-2"[39m
            
[36m>[39m
              
[0mdata [0m
            
[36m</span>[39m
            
[36m<span[39m
              [33mcl
ass[39m=[32m"line-t
hrough text-red-400 
bg-red-50 mx-0.5 
px-0.5 rounded 
decoration-2"[39m
            
[36m>[39m
              [0mis 
[0m
            
[36m</span>[39m
            
[36m<span[39m
              [33mcl
ass[39m=[32m"line-t
hrough text-red-400 
bg-red-50 mx-0.5 
px-0.5 rounded 
decoration-2"[39m
            
[36m>[39m
              
[0mcorrect. [0m
            
[36m</span>[39m
            
[36m<span[39m
              [33mcl
ass[39m=[32m"text-g
reen-600 bg-green-50 
font-semibold mx-0.5 
px-0.5 rounded"[39m
            
[36m>[39m
              
[0mChange [0m
            
[36m</span>[39m
            
[36m<span[39m
              [33mcl
ass[39m=[32m"text-g
reen-600 bg-green-50 
font-semibold mx-0.5 
px-0.5 rounded"[39m
            
[36m>[39m
              
[0m"is" [0m
            
[36m</span>[39m
            
[36m<span[39m
              [33mcl
ass[39m=[32m"text-g
reen-600 bg-green-50 
font-semibold mx-0.5 
px-0.5 rounded"[39m
            
[36m>[39m
              [0mto 
[0m
            
[36m</span>[39m
            
[36m<span[39m
              [33mcl
ass[39m=[32m"text-g
reen-600 bg-green-50 
font-semibold mx-0.5 
px-0.5 rounded"[39m
            
[36m>[39m
              
[0m"are" [0m
            
[36m</span>[39m
          
[36m</div>[39m
        
[36m</div>[39m
        
[36m<div[39m
          [33mclass
[39m=[32m"mt-3 flex 
justify-end"[39m
        [36m>[39m
          
[36m<button[39m
            [33mclas
s[39m=[32m"flex 
items-center gap-1.5 
px-3 py-1.5 
text-[12px] 
hover:bg-purple-50 
text-[#6C2BD9] 
rounded-lg 
transition-colors 
disabled:opacity-50 
font-medium"[39m
            [33mtitl
e[39m=[32m"Generate
 alternative 
suggestion"[39m
          [36m>[39m
            
[36m<svg[39m
              [33mar
ia-hidden[39m=[32m"
true"[39m
              [33mcl
ass[39m=[32m"lucide
 lucide-rotate-cw"[3
9m
              [33mfi
ll[39m=[32m"none"[
39m
              [33mhe
ight[39m=[32m"14"[
39m
              [33mst
roke[39m=[32m"curre
ntColor"[39m
              [33mst
roke-linecap[39m=[3
2m"round"[39m
              [33mst
roke-linejoin[39m=[
32m"round"[39m
              [33mst
roke-width[39m=[32m
"2"[39m
              [33mvi
ewBox[39m=[32m"0 0 
24 24"[39m
              [33mwi
dth[39m=[32m"14"[3
9m
              [33mxm
lns[39m=[32m"http:/
/www.w3.org/2000/svg"
[39m
            
[36m>[39m
              
[36m<path[39m
                [33m
d[39m=[32m"M21 
12a9 9 0 1 
1-9-9c2.52 0 4.93 1 
6.74 2.74L21 8"[39m
              
[36m/>[39m
              
[36m<path[39m
                [33m
d[39m=[32m"M21 
3v5h-5"[39m
              
[36m/>[39m
            
[36m</svg>[39m
            
[0mRegenerate[0m
          
[36m</button>[39m
        
[36m</div>[39m
        
[36m<div[39m
          [33mclass
[39m=[32m"mt-2 
text-[12px] 
text-gray-500"[39m
        [36m>[39m
          [0mThe 
data are correct.[0m
        
[36m</div>[39m
      
[36m</div>[39m
      [36m<div[39m
        [33mclass[3
9m=[32m"flex 
items-center gap-2 
px-4 pb-4 pt-1 
relative"[39m
      [36m>[39m
        
[36m<button[39m
          [33mclass
[39m=[32m"flex-1 
bg-[#6C2BD9] 
hover:bg-[#5a37e6] 
text-white 
text-[13px] 
font-medium py-2 
px-4 rounded-lg 
transition-all 
shadow-sm 
hover:shadow 
active:scale-[0.98] 
disabled:opacity-70 d
isabled:cursor-not-al
lowed flex 
items-center 
justify-center 
gap-2"[39m
        [36m>[39m
          
[0mAccept[0m
        
[36m</button>[39m
        
[36m<button[39m
          [33mclass
[39m=[32m"p-2 
text-gray-400 
hover:text-gray-600 
hover:bg-gray-100 
rounded-lg transition
-colors"[39m
          [33mtitle
[39m=[32m"Ignore"[3
9m
        [36m>[39m
          
[36m<svg[39m
            [33maria
-hidden[39m=[32m"tr
ue"[39m
            [33mclas
s[39m=[32m"lucide 
lucide-trash2 
lucide-trash-2"[39m
            [33mfill
[39m=[32m"none"[39
m
            [33mheig
ht[39m=[32m"16"[39
m
            [33mstro
ke[39m=[32m"current
Color"[39m
            [33mstro
ke-linecap[39m=[32m
"round"[39m
            [33mstro
ke-linejoin[39m=[32
m"round"[39m
            [33mstro
ke-width[39m=[32m"2
"[39m
            [33mview
Box[39m=[32m"0 0 
24 24"[39m
            [33mwidt
h[39m=[32m"16"[39m
            [33mxmln
s[39m=[32m"http://w
ww.w3.org/2000/svg"[
39m
          [36m>[39m
            
[36m<path[39m
              [33md
[39m=[32m"M10 
11v6"[39m
            
[36m/>[39m
            
[36m<path[39m
              [33md
[39m=[32m"M14 
11v6"[39m
            
[36m/>[39m
            
[36m<path[39m
              [33md
[39m=[32m"M19 
6v14a2 2 0 0 1-2 
2H7a2 2 0 0 
1-2-2V6"[39m
            
[36m/>[39m
            
[36m<path[39m
              
[33md[39m=[32m"M3 
6h18"[39m
            
[36m/>[39m
            
[36m<path[39m
              
[33md[39m=[32m"M8 
6V4a2 2 0 0 1 
2-2h4a2 2 0 0 1 2 
2v2"[39m

            
[36m/>[39m
          
[36m</svg>[39m
        
[36m</button>[39m
        
[36m<div[39m
          [33mclass
[39m=[32m"relative"
[39m
        [36m>[39m
          
[36m<button[39m
            [33mclas
s[39m=[32m"p-2 
text-gray-400 
hover:text-gray-600 
hover:bg-gray-100 
rounded-lg transition
-colors"[39m
            [33mtitl
e[39m=[32m"More 
options"[39m
          [36m>[39m
            
[36m<svg[39m
              [33mar
ia-hidden[39m=[32m"
true"[39m
              [33mcl
ass[39m=[32m"lucide
 
lucide-ellipsis"[39m
              [33mfi
ll[39m=[32m"none"[
39m
              [33mhe
ight[39m=[32m"16"[
39m
              [33mst
roke[39m=[32m"curre
ntColor"[39m
              [33mst
roke-linecap[39m=[3
2m"round"[39m
              [33mst
roke-linejoin[39m=[
32m"round"[39m
              [33mst
roke-width[39m=[32m
"2"[39m
              [33mvi
ewBox[39m=[32m"0 0 
24 24"[39m
              [33mwi
dth[39m=[32m"16"[3
9m
              [33mxm
lns[39m=[32m"http:/
/www.w3.org/2000/svg"
[39m
            
[36m>[39m
              
[36m<circle[39m
                [33m
cx[39m=[32m"12"[39
m
                [33m
cy[39m=[32m"12"[39
m
                [33m
r[39m=[32m"1"[39m
              
[36m/>[39m
              
[36m<circle[39m
                [33m
cx[39m=[32m"19"[39
m
                [33m
cy[39m=[32m"12"[39
m
                [33m
r[39m=[32m"1"[39m
              
[36m/>[39m
              
[36m<circle[39m
                [33m
cx[39m=[32m"5"[39m
                [33m
cy[39m=[32m"12"[39
m
                [33m
r[39m=[32m"1"[39m
              
[36m/>[39m
            
[36m</svg>[39m
          
[36m</button>[39m
        
[36m</div>[39m
      
[36m</div>[39m
    [36m</div>[39m
  [36m</div>[39m
[36m</body>[39m
[90m [2mΓ¥»[22m Ob
ject.getElementError 
node_modules/@testing
-library/dom/dist/con
fig.js:[2m37:19[22m
[39m
[90m [2mΓ¥»[22m no
de_modules/@testing-l
ibrary/dom/dist/query
-helpers.js:[2m76:38
[22m[39m
[90m [2mΓ¥»[22m no
de_modules/@testing-l
ibrary/dom/dist/query
-helpers.js:[2m52:17
[22m[39m
[90m [2mΓ¥»[22m no
de_modules/@testing-l
ibrary/dom/dist/query
-helpers.js:[2m95:19
[22m[39m
[36m [2mΓ¥»[22m sr
c/components/__tests_
_/RecommendationDetai
lPopover.test.tsx:[2
m44:23[22m[39m
    [90m 42| [39m  
          [33m/[39m
[33m>[39m
    [90m 43| [39m  
      )
    [90m 44| [39m  
      [34mexpect[39
m(screen[33m.[39m[
34mgetByText[39m([3
2m'Fix Grammar'[39m)
)[33m.[39m[34mtoBe
InTheDocument[39m()
    [90m   | [39m  
                    
[31m^[39m
    [90m 45| [39m  
      expect(screen.g
etByText('Change 
"is" to "are"')).toBe
InTheDocuΓÇª
    [90m 46| [39m  
  })

[31m[2mΓÄ»ΓÄ»ΓÄ»ΓÄ»
ΓÄ»ΓÄ»ΓÄ»ΓÄ»ΓÄ»ΓÄ»ΓÄ»
ΓÄ»ΓÄ»ΓÄ»ΓÄ»ΓÄ»ΓÄ»ΓÄ»
ΓÄ»ΓÄ»ΓÄ»ΓÄ»ΓÄ»ΓÄ»[1/
3]ΓÄ»[22m[39m

[41m[1m FAIL 
[22m[49m src/compon
ents/__tests__/Recomm
endationDetailPopover
.test.tsx[2m > [22m
RecommendationDetailP
opover[2m > 
[22mshould call 
onApply when Accept 
button is clicked
[31m[1mAssertionErr
or[22m: expected 
"vi.fn()" to be 
called with 
arguments: [ '1' 
][90m

Number of calls: 
[1m0[22m
[31m[39m
[36m [2mΓ¥»[22m sr
c/components/__tests_
_/RecommendationDetai
lPopover.test.tsx:[2
m60:29[22m[39m
    [90m 58| [39m  
      
[35mconst[39m 
applyButton 
[33m=[39m screen[3
3m.[39m[34mgetByTex
t[39m([32m'Accept'
[39m)
    [90m 59| [39m  
      fireEvent[33m.
[39m[34mclick[39m(
applyButton)
    [90m 60| [39m  
      [34mexpect[39
m(mockOnApply)[33m.
[39m[34mtoHaveBeenCa
lledWith[39m([32m'1
'[39m)
    [90m   | [39m  
                     
     [31m^[39m
    [90m 61| [39m  
  })
    [90m 62| [39m

[31m[2mΓÄ»ΓÄ»ΓÄ»ΓÄ»
ΓÄ»ΓÄ»ΓÄ»ΓÄ»ΓÄ»ΓÄ»ΓÄ»
ΓÄ»ΓÄ»ΓÄ»ΓÄ»ΓÄ»ΓÄ»ΓÄ»
ΓÄ»ΓÄ»ΓÄ»ΓÄ»ΓÄ»ΓÄ»[2/
3]ΓÄ»[22m[39m

[41m[1m FAIL 
[22m[49m src/compon
ents/__tests__/Recomm
endationDetailPopover
.test.tsx[2m > [22m
RecommendationDetailP
opover[2m > 
[22mshould call 
onDismiss when 
Ignore button is 
clicked
[31m[1mAssertionErr
or[22m: expected 
"vi.fn()" to be 
called with 
arguments: [ '1' 
][90m

Number of calls: 
[1m0[22m
[31m[39m
[36m [2mΓ¥»[22m sr
c/components/__tests_
_/RecommendationDetai
lPopover.test.tsx:[2
m75:31[22m[39m
    [90m 73| [39m  
      
[35mconst[39m 
ignoreButton 
[33m=[39m screen[3
3m.[39m[34mgetByTit
le[39m([32m'Ignore'
[39m)
    [90m 74| [39m  
      fireEvent[33m.
[39m[34mclick[39m(
ignoreButton)
    [90m 75| [39m  
      [34mexpect[39
m(mockOnDismiss)[33m
.[39m[34mtoHaveBeen
CalledWith[39m([32m
'1'[39m)
    [90m   | [39m  
                     
       [31m^[39m
[2m Test Files [22m [1m[31m1 failed[39m[22m[90m (1)[39m
[2m      Tests [22m [1m[31m3 failed[39m[22m[90m (3)[39m
[2m   Start at [22m 14:22:14
[2m   Duration [22m 2.04s[2m (transform 151ms, setup 157ms, import 337ms, tests 114ms, environment 1.15s)[22m

    [90m 76| [39m  
  })
    [90m 77| [39m})

[31m[2mΓÄ»ΓÄ»ΓÄ»ΓÄ»
ΓÄ»ΓÄ»ΓÄ»ΓÄ»ΓÄ»ΓÄ»ΓÄ»
ΓÄ»ΓÄ»ΓÄ»ΓÄ»ΓÄ»ΓÄ»ΓÄ»
ΓÄ»ΓÄ»ΓÄ»ΓÄ»ΓÄ»ΓÄ»[3/
3]ΓÄ»[22m[39m

