src/components/Editor.tsx(15,10): error TS2305: Module '"../lib/goalsEngine"' has no exported member 'adjustScoreFactors'.
src/components/Editor.tsx(15,30): error TS2305: Module '"../lib/goalsEngine"' has no exported member 'getGoalLabel'.
src/components/GoalsModal.tsx(3,37): error TS2305: Module '"../lib/goalsEngine"' has no exported member 'DOMAIN_OPTIONS'.
src/components/GoalsModal.tsx(3,53): error TS2305: Module '"../lib/goalsEngine"' has no exported member 'AUDIENCE_OPTIONS'.
src/components/GoalsModal.tsx(3,71): error TS2305: Module '"../lib/goalsEngine"' has no exported member 'FORMALITY_OPTIONS'.
src/components/GoalsModal.tsx(3,90): error TS2305: Module '"../lib/goalsEngine"' has no exported member 'INTENT_OPTIONS'.
src/components/GoalsModal.tsx(78,70): error TS2322: Type 'string | undefined' is not assignable to type 'string'.
  Type 'undefined' is not assignable to type 'string'.
src/components/TrinkaInlinePopover.tsx(4,22): error TS2305: Module '"../lib/goalsEngine"' has no exported member 'getRewriteMode'.
